[    0.000000] Booting Linux on physical CPU 0x0
[    0.000000] Linux version 7.1.0-rc7-00057-gf8c77886a8ef-dirty (root@LAPTOP-97G9G880) (arm-linux-gnueabi-gcc (Ubuntu 13.3.0-6ubuntu2~24.04) 13.3.0, GNU ld (GNU Binutils for Ubuntu) 2.42) #1 SMP Mon Jul  6 16:23:18 UTC 2026
[    0.000000] CPU: ARMv6-compatible processor [410fb767] revision 7 (ARMv7), cr=00c5387d
[    0.000000] CPU: VIPT aliasing data cache, unknown instruction cache
[    0.000000] OF: fdt: Machine model: AST2500 EVB
[    0.000000] Memory policy: Data cache writeback
[    0.000000] Reserved memory: created CMA memory pool at 0x9f000000, size 16 MiB
[    0.000000] OF: reserved mem: initialized node framebuffer, compatible id shared-dma-pool
[    0.000000] OF: reserved mem: 0x9f000000..0x9fffffff (16384 KiB) map reusable framebuffer
[    0.000000] cma: Reserved 16 MiB at 0x9e000000
[    0.000000] CPU: All CPU(s) started in SVC mode.
[    0.000000] Zone ranges:
[    0.000000]   Normal   [mem 0x0000000080000000-0x000000009fffffff]
[    0.000000]   HighMem  empty
[    0.000000] Movable zone start for each node
[    0.000000] Early memory node ranges
[    0.000000]   node   0: [mem 0x0000000080000000-0x000000009fffffff]
[    0.000000] Initmem setup node 0 [mem 0x0000000080000000-0x000000009fffffff]
[    0.000000] percpu: Embedded 17 pages/cpu s45964 r0 d23668 u69632
[    0.000000] Kernel command line: console=ttyS4,115200 panic=-1
[    0.000000] printk: log buffer data + meta data: 65536 + 204800 = 270336 bytes
[    0.000000] Dentry cache hash table entries: 65536 (order: 6, 262144 bytes, linear)
[    0.000000] Inode-cache hash table entries: 32768 (order: 5, 131072 bytes, linear)
[    0.000000] Built 1 zonelists, mobility grouping on.  Total pages: 131072
[    0.000000] mem auto-init: stack:all(zero), heap alloc:off, heap free:off
[    0.000000] SLUB: HWalign=32, Order=0-3, MinObjects=0, CPUs=1, Nodes=1
[    0.000000] ftrace: allocating 34621 entries in 68 pages
[    0.000000] ftrace: allocated 68 pages with 2 groups
[    0.000000] rcu: Hierarchical RCU implementation.
[    0.000000] rcu: 	RCU event tracing is enabled.
[    0.000000] rcu: 	RCU restricting CPUs from NR_CPUS=2 to nr_cpu_ids=1.
[    0.000000] 	Rude variant of Tasks RCU enabled.
[    0.000000] 	Tracing variant of Tasks RCU enabled.
[    0.000000] rcu: RCU calculated value of scheduler-enlistment delay is 10 jiffies.
[    0.000000] rcu: Adjusting geometry for rcu_fanout_leaf=16, nr_cpu_ids=1
[    0.000000] RCU Tasks Rude: Setting shift to 0 and lim to 1 rcu_task_cb_adjust=1 rcu_task_cpu_ids=1.
[    0.000000] NR_IRQS: 16, nr_irqs: 16, preallocated irqs: 16
[    0.000000] i2c controller registered, irq 17
[    0.000000] rcu: srcu_init: Setting srcu_struct sizes based on contention.
[    0.000000] clocksource: FTTMR010-TIMER2: mask: 0xffffffff max_cycles: 0xffffffff, max_idle_ns: 77222644334 ns
[    0.000136] sched_clock: 32 bits at 25MHz, resolution 40ns, wraps every 86767015915ns
[    0.001861] Switching to timer-based delay loop, resolution 40ns
[    0.007565] Calibrating delay loop (skipped), value calculated using timer frequency.. 49.50 BogoMIPS (lpj=247500)
[    0.007738] CPU: Testing write buffer coherency: ok
[    0.009079] pid_max: default: 32768 minimum: 301
[    0.021933] Mount-cache hash table entries: 1024 (order: 0, 4096 bytes, linear)
[    0.021994] Mountpoint-cache hash table entries: 1024 (order: 0, 4096 bytes, linear)
[    0.031534] VFS: Finished mounting rootfs on nullfs
[    0.062793] Setting up static identity map for 0x80100000 - 0x80100078
[    0.064340] rcu: Hierarchical SRCU implementation.
[    0.064380] rcu: 	Max phase no-delay instances is 1000.
[    0.069497] ASPEED AST2500 rev A1 (04010303)
[    0.070921] smp: Bringing up secondary CPUs ...
[    0.071674] smp: Brought up 1 node, 1 CPU
[    0.071798] SMP: Total of 1 processors activated (49.50 BogoMIPS).
[    0.071832] CPU: All CPU(s) started in SVC mode.
[    0.078987] Memory: 468012K/524288K available (11264K kernel code, 943K rwdata, 2492K rodata, 1024K init, 197K bss, 21568K reserved, 32768K cma-reserved, 0K highmem)
[    0.088388] devtmpfs: initialized
[    0.105670] VFP support v0.3: implementor 41 architecture 1 part 20 variant b rev 5
[    0.141341] clocksource: jiffies: mask: 0xffffffff max_cycles: 0xffffffff, max_idle_ns: 19112604462750000 ns
[    0.146202] posixtimers hash table entries: 512 (order: 0, 4096 bytes, linear)
[    0.146554] futex hash table entries: 256 (16384 bytes on 1 NUMA nodes, total 16 KiB, linear).
[    0.171923] NET: Registered PF_NETLINK/PF_ROUTE protocol family
[    0.182421] DMA: preallocated 256 KiB pool for atomic coherent allocations
[    0.186789] hw-breakpoint: debug architecture 0x0 unsupported.
[    0.257200] SCSI subsystem initialized
[    0.258467] usbcore: registered new interface driver usbfs
[    0.258678] usbcore: registered new interface driver hub
[    0.258811] usbcore: registered new device driver usb
[    0.259191] mc: Linux media interface: v0.10
[    0.259294] videodev: Linux video capture interface: v2.00
[    0.259461] pps_core: LinuxPPS API ver. 1 registered
[    0.259473] pps_core: Software ver. 5.3.6 - Copyright 2005-2007 Rodolfo Giometti <giometti@linux.it>
[    0.259544] PTP clock support registered
[    0.259607] EDAC MC: Ver: 3.0.0
[    0.283259] mctp: management component transport protocol core
[    0.283290] NET: Registered PF_MCTP protocol family
[    0.307762] clocksource: Switched to clocksource FTTMR010-TIMER2
[    0.338903] NET: Registered PF_INET protocol family
[    0.340660] IP idents hash table entries: 8192 (order: 4, 65536 bytes, linear)
[    0.344571] tcp_listen_portaddr_hash hash table entries: 512 (order: 0, 4096 bytes, linear)
[    0.344715] Table-perturb hash table entries: 65536 (order: 6, 262144 bytes, linear)
[    0.344793] TCP established hash table entries: 4096 (order: 2, 16384 bytes, linear)
[    0.345349] TCP bind hash table entries: 4096 (order: 4, 65536 bytes, linear)
[    0.345537] TCP: Hash tables configured (established 4096 bind 4096)
[    0.346616] UDP hash table entries: 256 (order: 2, 14336 bytes, linear)
[    0.348385] NET: Registered PF_UNIX/PF_LOCAL protocol family
[    0.353717] Unpacking initramfs...
[    0.360716] workingset: timestamp_bits=30 (anon: 26) max_order=17 bucket_order=0 (anon: 0)
[    0.379323] squashfs: version 4.0 (2009/01/31) Phillip Lougher
[    0.380909] jffs2: version 2.2. (SUMMARY)  © 2001-2006 Red Hat, Inc.
[    0.383497] NET: Registered PF_ALG protocol family
[    0.384083] Block layer SCSI generic (bsg) driver version 0.4 loaded (major 245)
[    0.384434] io scheduler bfq registered
[    0.396023] Freeing initrd memory: 244K
[    0.422596] Serial: 8250/16550 driver, 6 ports, IRQ sharing enabled
[    0.436914] printk: legacy console [ttyS4] disabled
[    0.441694] 1e784000.serial: ttyS4 at MMIO 0x1e784000 (irq = 21, base_baud = 1500000) is a 16550A
[    0.460351] printk: legacy console [ttyS4] enabled
[    0.481675] timeriomem_rng 1e6e2078.hwrng: 32bits from 0x(ptrval) @ 1us
[    0.490610] aspeed_gfx 1e6e6000.display: assigned reserved memory node framebuffer
[    0.538175] random: crng init done
[    0.540546] [drm] Initialized aspeed-gfx-drm 1.0.0 for 1e6e6000.display on minor 0
[    0.557779] aspeed_gfx 1e6e6000.display: [drm] fb0: aspeed-gfx-drmd frame buffer device
[    0.575609] loop: module loaded
[    0.619205] spi-aspeed-smc 1e620000.spi: Calibration area too uniform, using low speed
[    0.619543] spi-aspeed-smc 1e620000.spi: Force to dts configuration 50000kHz.
[    0.619903] spi-aspeed-smc 1e620000.spi: CE0 read buswidth:2 [0x203b0641]
[    0.624399] 5 fixed-partitions partitions found on MTD device bmc
[    0.624913] Creating 5 MTD partitions on "bmc":
[    0.625359] 0x000000000000-0x000000060000 : "u-boot"
[    0.628604] 0x000000060000-0x000000080000 : "u-boot-env"
[    0.630506] 0x000000080000-0x0000004c0000 : "kernel"
[    0.632695] 0x0000004c0000-0x000001c00000 : "rofs"
[    0.634174] 0x000001c00000-0x000002000000 : "rwfs"
[    0.639167] spi-aspeed-smc 1e630000.spi: Window size after trimming:
[    0.639436] spi-aspeed-smc 1e630000.spi: CE0: 0x02000000
[    0.639609] spi-aspeed-smc 1e630000.spi: CE1: 0x06000000
[    0.641958] spi-aspeed-smc 1e630000.spi: Calibration area too uniform, using low speed
[    0.642184] spi-aspeed-smc 1e630000.spi: Force to dts configuration 100000kHz.
[    0.642360] spi-aspeed-smc 1e630000.spi: CE0 read buswidth:2 [0x203c0741]
[    0.644978] spi-aspeed-smc 1e631000.spi: spi_register_controller failed
[    0.645267] spi-aspeed-smc 1e631000.spi: probe with driver spi-aspeed-smc failed with error -22
[    0.656718] ftgmac100 1e660000.ethernet: Read MAC address 52:54:00:12:34:56 from chip
[    0.667436] RTL8211E Gigabit Ethernet 1e660000.ethernet--1:00: attached PHY driver (mii_bus:phy_addr=1e660000.ethernet--1:00, irq=POLL)
[    0.680696] ftgmac100 1e660000.ethernet eth0: irq 23, mapped at afbb31cc
[    0.681857] ftgmac100 1e680000.ethernet: Read MAC address 52:54:00:12:34:57 from chip
[    0.686919] RTL8211E Gigabit Ethernet 1e680000.ethernet--1:00: attached PHY driver (mii_bus:phy_addr=1e680000.ethernet--1:00, irq=POLL)
[    0.699227] ftgmac100 1e680000.ethernet eth1: irq 24, mapped at f75c6f71
[    0.699764] MCTP I2C interface driver
[    0.712819] usbcore: registered new interface driver usb-storage
[    0.713573] usbcore: registered new interface driver pl2303
[    0.714007] usbserial: USB Serial support registered for pl2303
[    0.726978] ehci-platform 1e6a3000.usb: EHCI Host Controller
[    0.728046] ehci-platform 1e6a3000.usb: new USB bus registered, assigned bus number 1
[    0.734719] ehci-platform 1e6a3000.usb: irq 25, io mem 0x1e6a3000
[    0.738083] aspeed_vhub 1e6a0000.usb-vhub: Initialized virtual hub in USB2 mode
[    0.741498] aspeed-rtc 1e781000.rtc: registered as rtc0
[    0.741940] aspeed-rtc 1e781000.rtc: hctosys: unable to read the hardware clock
[    0.742561] i2c_dev: i2c /dev entries driver
[    0.747837] ehci-platform 1e6a3000.usb: USB 2.0 started, EHCI 1.00
[    0.757674] usb usb1: New USB device found, idVendor=1d6b, idProduct=0002, bcdDevice= 7.01
[    0.758026] usb usb1: New USB device strings: Mfr=3, Product=2, SerialNumber=1
[    0.758224] usb usb1: Product: EHCI Host Controller
[    0.758368] usb usb1: Manufacturer: Linux 7.1.0-rc7-00057-gf8c77886a8ef-dirty ehci_hcd
[    0.758565] usb usb1: SerialNumber: 1e6a3000.usb
[    0.760001] at24 3-0050: 1024 byte 24c08 EEPROM, writable, 16 bytes/write
[    0.760576] aspeed-i2c-bus 1e78a100.i2c: i2c bus 3 registered, irq 27
[    0.763468] aspeed-i2c-bus 1e78a300.i2c: i2c bus 7 registered, irq 28
[    0.764146] Driver for 1-wire Dallas network protocol.
[    0.768926] hub 1-0:1.0: USB hub found
[    0.769920] hub 1-0:1.0: 6 ports detected
[    0.773451] lm75 7-004d: hwmon0: sensor 'lm75'
[    0.789543] usbcore: registered new interface driver usbhid
[    0.789814] usbhid: USB HID core driver
[    0.796128] NET: Registered PF_INET6 protocol family
[    0.803907] sdhci-aspeed 1e740100.sdhci: Phase control not supported for slot 0
[    0.804221] sdhci-aspeed 1e740100.sdhci: Configured for slot 0
[    0.819324] Segment Routing with IPv6
[    0.819733] In-situ OAM (IOAM) with IPv6
[    0.820658] NET: Registered PF_PACKET protocol family
[    0.820857] 8021q: 802.1Q VLAN Support v1.8
[    0.821488] Registering SWP/SWPB emulation handler
[    0.852434] netconsole: network logging started
[    0.854648] clk: Disabling unused clocks
[    0.857886] mmc0: SDHCI controller on 1e740100.sdhci [1e740100.sdhci] using ADMA
[    0.890343] Freeing unused kernel image (initmem) memory: 1024K
[    0.896359] Checked W+X mappings: passed, no W+X pages found
[    0.897707] Run /init as init process
=== mounting rwfs (mtdblock5) as jffs2 on /mnt ===
[    1.289800] jffs2: notice: (1) jffs2_build_xattr_subsystem: complete building xattr subsystem, 0 of xdatum (0 unchecked, 0 orphan) and 0 of xref (0 dead, 0 orphan) found.
mount OK
=== reading /mnt/testfile.bin (triggers rtime decompress) ===
[    1.299039] jffs2: Decompressor "rtime" returned 1
[    1.299303] jffs2: Error: jffs2_decompress returned 1
[    1.299808] 8<--- cut here ---
[    1.299938] Unhandled fault: page domain fault (0x01b) at 0x00000000
[    1.300094] [00000000] *pgd=81f1b831, *pte=00000000, *ppte=00000000
[    1.300825] Internal error: : 1b [#1] SMP ARM
[    1.301346] CPU: 0 UID: 0 PID: 1 Comm: init Not tainted 7.1.0-rc7-00057-gf8c77886a8ef-dirty #1 VOLUNTARY 
[    1.301641] Hardware name: Generic DT based system
[    1.301854] PC is at filemap_read+0x1d8/0x5b4
[    1.302447] LR is at 0x0
[    1.302545] pc : [<80304808>]    lr : [<00000000>]    psr: a0000153
[    1.302677] sp : a0815e20  ip : 00000000  fp : ffffffff
[    1.302804] r10: ffffffff  r9 : 00000000  r8 : 00000a00
[    1.302927] r7 : 824481d8  r6 : a0815f28  r5 : ffffffff  r4 : fffffffe
[    1.303063] r3 : 00000000  r2 : 00000000  r1 : ffffffff  r0 : 00000000
[    1.303238] Flags: NzCv  IRQs on  FIQs off  Mode SVC_32  ISA ARM  Segment none
[    1.303398] Control: 00c5387d  Table: 82304008  DAC: 00000051
[    1.303605] Register r0 information: NULL pointer
[    1.303938] Register r1 information: non-paged memory
[    1.304081] Register r2 information: NULL pointer
[    1.304187] Register r3 information: NULL pointer
[    1.304293] Register r4 information: non-paged memory
[    1.304409] Register r5 information: non-paged memory
[    1.304522] Register r6 information: 2-page vmalloc region starting at 0xa0814000 allocated at kernel_clone+0xc0/0x408
[    1.304798] Register r7 information: slab jffs2_i start 824481a8 pointer offset 48 size 416
[    1.305262] Register r8 information: non-paged memory
[    1.305386] Register r9 information: NULL pointer
[    1.305493] Register r10 information: non-paged memory
[    1.305609] Register r11 information: non-paged memory
[    1.305750] Register r12 information: NULL pointer
[    1.305872] Process init (pid: 1, stack limit = 0x2e43ca9a)
[    1.306043] Stack: (0xa0815e20 to 0xa0816000)
[    1.306233] 5e20: a0815f10 00000000 00020000 00000000 00000001 824481d8 00000a00 00000000
[    1.306418] 5e40: 824482d0 81621c00 a0815e44 00000000 00000000 00000000 00000000 00000000
[    1.306585] 5e60: 00000000 00000000 00000000 00000000 00000000 00000000 00000000 00000000
[    1.306803] 5e80: 00000000 00000000 00000000 00000000 00000000 00000000 00000000 00000000
[    1.306970] 5ea0: 00000000 00000000 00000000 00000000 00000000 00000000 00000000 00000000
[    1.307125] 5ec0: 00000000 00000000 00000000 895f205f 00000000 80304be4 81621c00 a0815f80
[    1.307462] 5ee0: 7ea01d94 00000001 8152a600 80c26d00 00004004 8038ac28 8155778c 00000000
[    1.307699] 5f00: 00000002 80387b04 00000000 00000000 00000000 00000000 7ea01d94 00001000
[    1.307853] 5f20: 00000001 00000000 81621c00 00000000 00000000 00000000 00000000 00000000
[    1.308000] 5f40: 00000000 00004004 00000000 00000000 801002e8 895f205f 00000003 81621c00
[    1.308165] 5f60: 81621c00 00000000 00000000 801002e8 8152a600 00000003 00000000 8038b71c
[    1.308336] 5f80: 00000000 00000000 00000000 895f205f 00000000 00000000 00000000 00000003
[    1.308491] 5fa0: 00000003 80100080 00000000 00000000 00000003 7ea01d94 00001000 00000001
[    1.308676] 5fc0: 00000000 00000000 00000003 00000003 7ea02f0c 00000000 00000001 00000000
[    1.308843] 5fe0: 00000048 7ea01d48 00010544 000198ec 20000150 00000003 00000000 00000000
[    1.309096] Call trace: 
[    1.309765]  filemap_read from vfs_read+0x23c/0x318
[    1.310107]  vfs_read from ksys_read+0x74/0xf0
[    1.310228]  ksys_read from ret_fast_syscall+0x0/0x54
[    1.310408] Exception stack(0xa0815fa8 to 0xa0815ff0)
[    1.310547] 5fa0:                   00000000 00000000 00000003 7ea01d94 00001000 00000001
[    1.310731] 5fc0: 00000000 00000000 00000003 00000003 7ea02f0c 00000000 00000001 00000000
[    1.310918] 5fe0: 00000048 7ea01d48 00010544 000198ec
[    1.311224] Code: e59d3020 e25a4001 e2cb5000 e5933028 (e5901000) 
[    1.311852] ---[ end trace 0000000000000000 ]---
[    1.312382] Kernel panic - not syncing: Fatal exception
